2026-04-27 23:35:40 | Worker limpiado del estado. PID=12064 Motivo=PID inexistente
2026-04-29 01:52:22 | Fallo Telegram: Se ha terminado la conexión: Error inesperado de recepción.
2026-04-29 18:37:34 | Worker limpiado del estado. PID=10756 Motivo=Reinicio solicitado desde la interfaz
2026-04-29 18:38:22 | Fallo Telegram: Se ha terminado la conexión: Error inesperado de recepción.
2026-04-29 18:48:22 | Fallo Telegram: Se ha terminado la conexión: Error inesperado de recepción.
2026-04-29 18:58:21 | Fallo Telegram: Se ha terminado la conexión: Error inesperado de recepción.
2026-04-29 19:08:22 | Fallo Telegram: Se ha terminado la conexión: Error inesperado de recepción.
2026-04-29 19:18:23 | Fallo Telegram: Se ha terminado la conexión: Error inesperado de recepción.
2026-04-29 19:28:24 | Fallo Telegram: Se ha terminado la conexión: Error inesperado de recepción.
2026-04-29 19:38:25 | Fallo Telegram: Se ha terminado la conexión: Error inesperado de recepción.
2026-04-29 19:48:26 | Fallo Telegram: Se ha terminado la conexión: Error inesperado de recepción.
2026-04-29 20:08:27 | Fallo Telegram: Se ha terminado la conexión: Error inesperado de recepción.
2026-04-29 20:18:31 | Fallo Telegram: Se ha terminado la conexión: Error inesperado de recepción.
2026-04-29 20:28:29 | Fallo Telegram: Se ha terminado la conexión: Error inesperado de recepción.
2026-04-29 20:38:28 | Fallo Telegram: Se ha terminado la conexión: Error inesperado de recepción.
2026-04-29 20:48:29 | Fallo Telegram: Se ha terminado la conexión: Error inesperado de recepción.
2026-04-29 21:08:31 | Fallo Telegram: Se ha terminado la conexión: Error inesperado de recepción.
2026-04-29 21:18:31 | Fallo Telegram: Se ha terminado la conexión: Error inesperado de recepción.
2026-04-29 22:49:24 | Fallo Telegram: Se ha terminado la conexión: Error inesperado de recepción.
2026-04-30 08:52:48 | Fallo Telegram: Se ha terminado la conexión: Error inesperado de recepción.
2026-04-30 09:05:06 | Fallo Telegram: Se ha terminado la conexión: Error inesperado de recepción.
2026-04-30 09:15:07 | Fallo Telegram: Se ha terminado la conexión: Error inesperado de recepción.
2026-04-30 09:25:07 | Fallo Telegram: Se ha terminado la conexión: Error inesperado de recepción.
2026-04-30 09:35:08 | Fallo Telegram: Se ha terminado la conexión: Error inesperado de recepción.
2026-04-30 09:45:09 | Fallo Telegram: Se ha terminado la conexión: Error inesperado de recepción.
2026-04-30 09:55:10 | Fallo Telegram: Se ha terminado la conexión: Error inesperado de recepción.
2026-04-30 10:05:10 | Fallo Telegram: Se ha terminado la conexión: Error inesperado de recepción.
2026-04-30 10:15:10 | Fallo Telegram: Se ha terminado la conexión: Error inesperado de recepción.
2026-04-30 10:25:11 | Fallo Telegram: Se ha terminado la conexión: Error inesperado de recepción.
2026-04-30 10:35:11 | Fallo Telegram: Se ha terminado la conexión: Error inesperado de recepción.
2026-04-30 10:45:14 | Fallo Telegram: Se ha terminado la conexión: Error inesperado de recepción.
2026-04-30 10:55:14 | Fallo Telegram: Se ha terminado la conexión: Error inesperado de recepción.
2026-04-30 11:05:14 | Fallo Telegram: Se ha terminado la conexión: Error inesperado de recepción.
2026-04-30 11:15:15 | Fallo Telegram: Se ha terminado la conexión: Error inesperado de recepción.
2026-04-30 11:25:15 | Fallo Telegram: Se ha terminado la conexión: Error inesperado de recepción.
2026-04-30 11:35:16 | Fallo Telegram: Se ha terminado la conexión: Error inesperado de recepción.
2026-04-30 11:45:16 | Fallo Telegram: Se ha terminado la conexión: Error inesperado de recepción.
2026-04-30 11:55:19 | Fallo Telegram: Se ha terminado la conexión: Error inesperado de recepción.
2026-04-30 12:05:18 | Fallo Telegram: Se ha terminado la conexión: Error inesperado de recepción.
2026-04-30 12:15:18 | Fallo Telegram: Se ha terminado la conexión: Error inesperado de recepción.
2026-04-30 12:25:18 | Fallo Telegram: Se ha terminado la conexión: Error inesperado de recepción.
2026-04-30 12:35:19 | Fallo Telegram: Se ha terminado la conexión: Error inesperado de recepción.
2026-04-30 12:45:19 | Fallo Telegram: Se ha terminado la conexión: Error inesperado de recepción.
2026-04-30 12:55:20 | Fallo Telegram: Se ha terminado la conexión: Error inesperado de recepción.
2026-04-30 13:05:20 | Fallo Telegram: Se ha terminado la conexión: Error inesperado de recepción.
2026-04-30 13:15:21 | Fallo Telegram: Se ha terminado la conexión: Error inesperado de recepción.
2026-04-30 13:25:22 | Fallo Telegram: Se ha terminado la conexión: Error inesperado de recepción.
2026-04-30 13:35:23 | Fallo Telegram: Se ha terminado la conexión: Error inesperado de recepción.
2026-04-30 14:57:19 | Fallo Telegram: Se ha terminado la conexión: Error inesperado de recepción.
2026-04-30 15:07:15 | Fallo Telegram: Se ha terminado la conexión: Error inesperado de recepción.
2026-04-30 15:27:15 | Fallo Telegram: Se ha terminado la conexión: Error inesperado de recepción.
2026-04-30 15:37:15 | Fallo Telegram: Se ha terminado la conexión: Error inesperado de recepción.
2026-04-30 15:57:17 | Fallo Telegram: Se ha terminado la conexión: Error inesperado de recepción.
2026-04-30 16:51:20 | Fallo Telegram: Se ha terminado la conexión: Error inesperado de recepción.
2026-04-30 17:01:22 | Fallo Telegram: Se ha terminado la conexión: Error inesperado de recepción.
2026-04-30 17:11:27 | Fallo Telegram: Se ha terminado la conexión: Error inesperado de recepción.
2026-04-30 17:21:26 | Fallo Telegram: Se ha terminado la conexión: Error inesperado de recepción.
2026-04-30 17:31:26 | Fallo Telegram: Se ha terminado la conexión: Error inesperado de recepción.
2026-05-01 18:48:49 | Fallo Telegram: Se ha terminado la conexión: Error inesperado de recepción.
2026-05-01 20:27:19 | Fallo Telegram: Se ha terminado la conexión: Error inesperado de recepción.
2026-05-01 20:38:51 | Fallo Telegram: Se ha terminado la conexión: Error inesperado de recepción.
2026-05-01 20:48:51 | Fallo Telegram: Se ha terminado la conexión: Error inesperado de recepción.
2026-05-01 21:08:53 | Fallo Telegram: Se ha terminado la conexión: Error inesperado de recepción.
2026-05-01 21:18:51 | Fallo Telegram: Se ha terminado la conexión: Error inesperado de recepción.
2026-05-02 00:23:05 | Fallo Telegram: Se ha terminado la conexión: Error inesperado de recepción.
2026-05-02 14:20:04 | Fallo Telegram: Se ha terminado la conexión: Error inesperado de recepción.
2026-05-02 18:43:37 | Fallo Telegram: Se ha terminado la conexión: Error inesperado de recepción.
2026-05-02 18:53:34 | Fallo Telegram: Se ha terminado la conexión: Error inesperado de recepción.
2026-05-02 19:03:34 | Fallo Telegram: Se ha terminado la conexión: Error inesperado de recepción.
2026-05-02 19:13:34 | Fallo Telegram: Se ha terminado la conexión: Error inesperado de recepción.
2026-05-02 19:23:37 | Fallo Telegram: Se ha terminado la conexión: Error inesperado de recepción.
2026-05-02 19:33:36 | Fallo Telegram: Se ha terminado la conexión: Error inesperado de recepción.
2026-05-02 19:43:37 | Fallo Telegram: Se ha terminado la conexión: Error inesperado de recepción.
2026-05-02 19:53:37 | Fallo Telegram: Se ha terminado la conexión: Error inesperado de recepción.
2026-05-02 20:03:37 | Fallo Telegram: Se ha terminado la conexión: Error inesperado de recepción.
2026-05-02 20:13:37 | Fallo Telegram: Se ha terminado la conexión: Error inesperado de recepción.
2026-05-02 20:23:39 | Fallo Telegram: Se ha terminado la conexión: Error inesperado de recepción.
2026-05-02 20:33:39 | Fallo Telegram: Se ha terminado la conexión: Error inesperado de recepción.
2026-05-02 20:43:41 | Fallo Telegram: Se ha terminado la conexión: Error inesperado de recepción.
2026-05-02 20:53:40 | Fallo Telegram: Se ha terminado la conexión: Error inesperado de recepción.
2026-05-02 21:03:43 | Fallo Telegram: Se ha terminado la conexión: Error inesperado de recepción.
2026-05-02 21:17:24 | Fallo Telegram: Se ha terminado la conexión: Error inesperado de recepción.
2026-05-02 21:27:24 | Fallo Telegram: Se ha terminado la conexión: Error inesperado de recepción.
2026-05-02 21:37:25 | Fallo Telegram: Se ha terminado la conexión: Error inesperado de recepción.
2026-05-02 21:47:27 | Fallo Telegram: Se ha terminado la conexión: Error inesperado de recepción.
2026-05-02 21:57:28 | Fallo Telegram: Se ha terminado la conexión: Error inesperado de recepción.
2026-05-02 22:07:27 | Fallo Telegram: Se ha terminado la conexión: Error inesperado de recepción.
2026-05-02 22:17:29 | Fallo Telegram: Se ha terminado la conexión: Error inesperado de recepción.
2026-05-02 22:27:28 | Fallo Telegram: Se ha terminado la conexión: Error inesperado de recepción.
2026-05-02 22:37:30 | Fallo Telegram: Se ha terminado la conexión: Error inesperado de recepción.
2026-05-02 22:47:32 | Fallo Telegram: Se ha terminado la conexión: Error inesperado de recepción.
2026-05-02 22:57:33 | Fallo Telegram: Se ha terminado la conexión: Error inesperado de recepción.
2026-05-02 23:07:33 | Fallo Telegram: Se ha terminado la conexión: Error inesperado de recepción.
2026-05-02 23:17:35 | Fallo Telegram: Se ha terminado la conexión: Error inesperado de recepción.
2026-05-02 23:27:36 | Fallo Telegram: Se ha terminado la conexión: Error inesperado de recepción.
2026-05-02 23:37:37 | Fallo Telegram: Se ha terminado la conexión: Error inesperado de recepción.
2026-05-02 23:47:37 | Fallo Telegram: Se ha terminado la conexión: Error inesperado de recepción.
2026-05-03 00:23:19 | Fallo Telegram: Se ha terminado la conexión: Error inesperado de recepción.
2026-05-03 00:33:16 | Fallo Telegram: Se ha terminado la conexión: Error inesperado de recepción.
2026-05-03 00:43:18 | Fallo Telegram: Se ha terminado la conexión: Error inesperado de recepción.
2026-05-03 00:53:16 | Fallo Telegram: Se ha terminado la conexión: Error inesperado de recepción.
2026-05-03 01:03:19 | Fallo Telegram: Se ha terminado la conexión: Error inesperado de recepción.
2026-05-03 01:13:37 | Fallo Telegram: Se ha terminado la conexión: Error inesperado de recepción.
2026-05-03 01:23:30 | Fallo Telegram: Se ha terminado la conexión: Error inesperado de recepción.
2026-05-03 01:33:24 | Fallo Telegram: Se ha terminado la conexión: Error inesperado de recepción.
2026-05-03 01:43:24 | Fallo Telegram: Se ha terminado la conexión: Error inesperado de recepción.
2026-05-03 01:53:24 | Fallo Telegram: Se ha terminado la conexión: Error inesperado de recepción.
2026-05-03 11:02:03 | Fallo Telegram: Se ha terminado la conexión: Error inesperado de recepción.
2026-05-03 11:12:02 | Fallo Telegram: Se ha terminado la conexión: Error inesperado de recepción.
2026-05-03 11:32:01 | Fallo Telegram: Se ha terminado la conexión: Error inesperado de recepción.
2026-05-03 11:50:06 | Fallo Telegram: Se ha terminado la conexión: Error inesperado de recepción.
2026-05-03 12:00:07 | Fallo Telegram: Se ha terminado la conexión: Error inesperado de recepción.
2026-05-03 12:10:09 | Fallo Telegram: Se ha terminado la conexión: Error inesperado de recepción.
2026-05-03 12:20:09 | Fallo Telegram: Se ha terminado la conexión: Error inesperado de recepción.
2026-05-03 12:30:09 | Fallo Telegram: Se ha terminado la conexión: Error inesperado de recepción.
2026-05-03 12:40:13 | Fallo Telegram: Se ha terminado la conexión: Error inesperado de recepción.
2026-05-03 12:50:11 | Fallo Telegram: Se ha terminado la conexión: Error inesperado de recepción.
2026-05-03 13:00:14 | Fallo Telegram: Se ha terminado la conexión: Error inesperado de recepción.
2026-05-03 13:10:17 | Fallo Telegram: Se ha terminado la conexión: Error inesperado de recepción.
2026-05-03 13:20:14 | Fallo Telegram: Se ha terminado la conexión: Error inesperado de recepción.
2026-05-03 13:30:14 | Fallo Telegram: Se ha terminado la conexión: Error inesperado de recepción.
2026-05-03 13:47:02 | Fallo Telegram: Se ha terminado la conexión: Error inesperado de recepción.
2026-05-03 15:50:45 | Fallo Telegram: Se ha terminado la conexión: Error inesperado de recepción.
2026-05-03 16:00:44 | Fallo Telegram: Se ha terminado la conexión: Error inesperado de recepción.
2026-05-03 16:10:44 | Fallo Telegram: Se ha terminado la conexión: Error inesperado de recepción.
2026-05-03 16:20:45 | Fallo Telegram: Se ha terminado la conexión: Error inesperado de recepción.
2026-05-03 16:30:45 | Fallo Telegram: Se ha terminado la conexión: Error inesperado de recepción.
2026-05-03 16:40:49 | Fallo Telegram: Se ha terminado la conexión: Error inesperado de recepción.
2026-05-03 16:50:48 | Fallo Telegram: Se ha terminado la conexión: Error inesperado de recepción.
2026-05-03 17:00:50 | Fallo Telegram: Se ha terminado la conexión: Error inesperado de recepción.
2026-05-03 17:10:51 | Fallo Telegram: Se ha terminado la conexión: Error inesperado de recepción.
2026-05-03 18:20:01 | Fallo Telegram: Se ha terminado la conexión: Error inesperado de recepción.
2026-05-03 18:42:25 | Fallo Telegram: Se ha terminado la conexión: Error inesperado de recepción.
2026-05-03 18:52:29 | Fallo Telegram: Se ha terminado la conexión: Error inesperado de recepción.
2026-05-03 19:12:26 | Fallo Telegram: Se ha terminado la conexión: Error inesperado de recepción.
2026-05-03 19:22:25 | Fallo Telegram: Se ha terminado la conexión: Error inesperado de recepción.
2026-05-03 20:03:31 | Fallo Telegram: Se ha terminado la conexión: Error inesperado de recepción.
2026-05-03 20:15:59 | Fallo Telegram: Se ha terminado la conexión: Error inesperado de recepción.
2026-05-03 20:25:59 | Fallo Telegram: Se ha terminado la conexión: Error inesperado de recepción.
2026-05-03 20:36:01 | Fallo Telegram: Se ha terminado la conexión: Error inesperado de recepción.
2026-05-03 20:46:01 | Fallo Telegram: Se ha terminado la conexión: Error inesperado de recepción.
2026-05-03 20:56:02 | Fallo Telegram: Se ha terminado la conexión: Error inesperado de recepción.
2026-05-03 21:06:02 | Fallo Telegram: Se ha terminado la conexión: Error inesperado de recepción.
2026-05-03 21:16:04 | Fallo Telegram: Se ha terminado la conexión: Error inesperado de recepción.
2026-05-03 21:26:01 | Fallo Telegram: Se ha terminado la conexión: Error inesperado de recepción.
2026-05-03 21:55:24 | Fallo Telegram: Se ha terminado la conexión: Error inesperado de recepción.
2026-05-03 22:05:27 | Fallo Telegram: Se ha terminado la conexión: Error inesperado de recepción.
2026-05-03 22:15:26 | Fallo Telegram: Se ha terminado la conexión: Error inesperado de recepción.
2026-05-03 22:25:24 | Fallo Telegram: Se ha terminado la conexión: Error inesperado de recepción.
2026-05-03 22:35:28 | Fallo Telegram: Se ha terminado la conexión: Error inesperado de recepción.
2026-05-03 22:45:28 | Fallo Telegram: Se ha terminado la conexión: Error inesperado de recepción.
2026-05-03 22:55:29 | Fallo Telegram: Se ha terminado la conexión: Error inesperado de recepción.
2026-05-03 23:05:28 | Fallo Telegram: Se ha terminado la conexión: Error inesperado de recepción.
2026-05-03 23:15:30 | Fallo Telegram: Se ha terminado la conexión: Error inesperado de recepción.
2026-05-04 20:22:53 | Fallo Telegram: No se puede resolver el nombre remoto: 'api.telegram.org'
2026-05-06 09:56:26 | Worker limpiado del estado. PID=25524 Motivo=Reinicio solicitado desde la interfaz
2026-05-06 09:56:30 | Worker limpiado del estado. PID=15992 Motivo=PID inexistente
2026-05-06 09:57:35 | Worker limpiado del estado. PID=20016 Motivo=PID inexistente
2026-05-06 10:04:23 | Worker limpiado del estado. PID=6352 Motivo=PID inexistente
2026-05-06 10:04:49 | Worker limpiado del estado. PID=12120 Motivo=PID inexistente
2026-05-06 10:05:12 | Worker limpiado del estado. PID=26452 Motivo=PID inexistente
2026-05-06 10:05:38 | Worker limpiado del estado. PID=15640 Motivo=PID inexistente
2026-05-06 10:05:41 | Worker limpiado del estado. PID=10644 Motivo=Reinicio solicitado desde la interfaz
2026-05-06 10:05:42 | Worker limpiado del estado. PID=37700 Motivo=PID inexistente
2026-05-06 10:08:22 | Worker limpiado del estado. PID=24920 Motivo=PID inexistente
2026-05-06 10:08:45 | Worker limpiado del estado. PID=30080 Motivo=PID inexistente
2026-05-06 10:08:50 | Worker limpiado del estado. PID=5972 Motivo=Reinicio solicitado desde la interfaz
2026-05-06 10:08:54 | Worker limpiado del estado. PID=14844 Motivo=PID inexistente
2026-05-07 20:50:26 | Fallo Telegram: Se excedió el tiempo de espera de la operación
2026-05-08 16:57:50 | Worker limpiado del estado. PID=2232 Motivo=Reinicio solicitado desde la interfaz
2026-05-08 16:57:52 | Worker limpiado del estado. PID=13528 Motivo=PID inexistente
2026-05-08 23:31:30 | Worker limpiado del estado. PID=16764 Motivo=PID inexistente
2026-05-14 09:58:41 | Fallo Telegram: No se puede resolver el nombre remoto: 'api.telegram.org'
2026-05-14 10:11:52 | Fallo Telegram: No se puede resolver el nombre remoto: 'api.telegram.org'
2026-05-15 14:15:42 | Worker error en ciclo. PID=12372 Detalle=No se puede leer la secuencia.
2026-05-21 13:24:31 | Fallo Telegram: No se puede resolver el nombre remoto: 'api.telegram.org'
2026-05-27 22:15:40 | Fallo Telegram: Se excedió el tiempo de espera de la operación
2026-05-31 22:32:15 | Worker error en ciclo. PID=13656 Detalle=No se puede leer la secuencia.
2026-06-04 10:53:34 | Worker error en ciclo. PID=12624 Detalle=No se puede leer la secuencia.
2026-06-08 18:47:04 | Fallo Telegram: No se puede resolver el nombre remoto: 'api.telegram.org'
2026-06-08 19:06:59 | Fallo Telegram: No se puede resolver el nombre remoto: 'api.telegram.org'
2026-06-09 15:09:32 | Fallo Telegram: No se puede resolver el nombre remoto: 'api.telegram.org'
2026-06-15 16:05:02 | Worker error en ciclo. PID=7228 Detalle=No se puede leer la secuencia.
2026-06-17 18:55:50 | Fallo Telegram: No se puede resolver el nombre remoto: 'api.telegram.org'
2026-06-19 17:39:20 | Worker error en ciclo. PID=7228 Detalle=No se puede leer la secuencia.
2026-06-26 23:28:18 | Worker error en ciclo. PID=15804 Detalle=No se puede leer la secuencia.
2026-06-26 23:38:22 | Fallo Telegram: Se excedió el tiempo de espera de la operación
2026-06-27 10:58:01 | Fallo Telegram: Se excedió el tiempo de espera de la operación
2026-06-28 20:26:50 | Fallo Telegram: Se excedió el tiempo de espera de la operación
2026-06-29 10:45:55 | Fallo Telegram: Se excedió el tiempo de espera de la operación
2026-06-29 12:35:42 | Worker error en ciclo. PID=15804 Detalle=No se puede leer la secuencia.
2026-07-01 15:20:04 | Fallo Telegram: Se excedió el tiempo de espera de la operación
2026-07-01 19:38:45 | Fallo Telegram: Se excedió el tiempo de espera de la operación
2026-07-01 19:58:37 | Fallo Telegram: Se excedió el tiempo de espera de la operación
2026-07-01 20:08:43 | Fallo Telegram: Se excedió el tiempo de espera de la operación
2026-07-01 23:39:07 | Fallo Telegram: Se excedió el tiempo de espera de la operación
2026-07-02 20:07:21 | Fallo Telegram: Se excedió el tiempo de espera de la operación
2026-07-02 20:19:03 | Fallo Telegram: Se excedió el tiempo de espera de la operación
2026-07-02 21:09:13 | Fallo Telegram: Se excedió el tiempo de espera de la operación
2026-07-02 21:39:05 | Fallo Telegram: Se excedió el tiempo de espera de la operación
2026-07-02 21:49:06 | Fallo Telegram: Se excedió el tiempo de espera de la operación
2026-07-04 12:58:11 | Fallo Telegram: No se puede resolver el nombre remoto: 'api.telegram.org'
2026-07-05 22:18:37 | Fallo Telegram: Se excedió el tiempo de espera de la operación
2026-07-08 10:36:21 | Fallo Telegram: No se puede resolver el nombre remoto: 'api.telegram.org'
2026-07-25 10:26:19 | Fallo Telegram: Se excedió el tiempo de espera de la operación
2026-08-03 13:23:24 | Fallo Telegram: Se excedió el tiempo de espera de la operación
2026-08-04 11:02:45 | Fallo Telegram: Se excedió el tiempo de espera de la operación
2026-08-06 16:34:49 | Fallo Telegram: Se excedió el tiempo de espera de la operación
2026-08-07 13:29:44 | Fallo Telegram: Se excedió el tiempo de espera de la operación
2026-08-07 16:09:55 | Fallo Telegram: Se excedió el tiempo de espera de la operación
2026-08-07 16:19:57 | Fallo Telegram: Se excedió el tiempo de espera de la operación
2026-08-07 16:40:05 | Fallo Telegram: Se excedió el tiempo de espera de la operación
2026-08-09 22:12:20 | Fallo Telegram: Se excedió el tiempo de espera de la operación
2026-08-11 09:42:07 | Fallo Telegram: Se excedió el tiempo de espera de la operación
2026-08-11 10:32:11 | Fallo Telegram: Se excedió el tiempo de espera de la operación
